// Bun Snapshot v1, https://bun.sh/docs/test/snapshots

exports[`PostAuthor renders correctly 1`] = `
{
  "$$typeof": Symbol(react.test.json),
  "children": [
    {
      "$$typeof": Symbol(react.test.json),
      "children": [
        {
          "$$typeof": Symbol(react.test.json),
          "children": [
            "Mafalda Timóteo",
          ],
          "props": {
            "className": undefined,
          },
          "type": "p",
        },
        {
          "$$typeof": Symbol(react.test.json),
          "children": [
            "Pellentesque odio nisi, euismod in, pharetra a, ultricies in, diam. Sed arcu.",
          ],
          "props": {
            "className": undefined,
          },
          "type": "p",
        },
        {
          "$$typeof": Symbol(react.test.json),
          "children": [
            {
              "$$typeof": Symbol(react.test.json),
              "children": [
                "More about me",
              ],
              "props": {
                "aria-current": undefined,
                "href": "/pages/about",
                "onClick": [Function],
                "onMouseEnter": [Function],
              },
              "type": "a",
            },
            {
              "$$typeof": Symbol(react.test.json),
              "children": [
                "Get in touch",
              ],
              "props": {
                "aria-current": undefined,
                "href": "/pages/contacts",
                "onClick": [Function],
                "onMouseEnter": [Function],
              },
              "type": "a",
            },
          ],
          "props": {
            "className": undefined,
          },
          "type": "p",
        },
      ],
      "props": {},
      "type": "div",
    },
  ],
  "props": {
    "className": undefined,
  },
  "type": "div",
}
`;
